     1                                  segment code
     2                                  ..start:
     3                                  ;Inicializa registradores
     4 00000000 B8[0000]                    	MOV		AX,data
     5 00000003 8ED8                        	MOV 	DS,AX
     6 00000005 B8[0000]                    	MOV 	AX,stack
     7 00000008 8ED0                        	MOV 	SS,AX
     8 0000000A BC[0002]                    	MOV 	SP,stacktop
     9                                  
    10                                  ;Salvar modo corrente de video(vendo como está o modo de video da maquina)
    11 0000000D B40F                            MOV  	AH,0Fh
    12 0000000F CD10                        	INT  	10h
    13 00000011 A2[0A00]                    	MOV  	[modo_anterior],AL   
    14                                  
    15                                  ;Alterar modo de video para gráfico 640x480 16 cores
    16 00000014 B012                        	MOV     	AL,12h
    17 00000016 B400                       		MOV     	AH,0
    18 00000018 CD10                        	INT     	10h
    19                                  
    20                                  ;imprime STREET FIGHT
    21                                  
    22 0000001A B90C00                          MOV     CX,12				;número de caracteres
    23 0000001D BB0000                      	MOV     BX,0
    24 00000020 B600                        	MOV     DH,0				;linha 0-29
    25 00000022 B21E                        	MOV     DL,30				;coluna 0-79
    26 00000024 C606[0000]01            		MOV		byte[cor],azul
    27                                  
    28                                  ; cria bola
    29 00000029 C606[0900]04                    MOV		byte[cor_bola],vermelho	;circulos vermelhos
    30 0000002E C706[0300]F401          		MOV		word[pos_x_bola],500
    31 00000034 FF36[0300]              		PUSH	word[pos_x_bola]
    32                                  
    33 00000038 C706[0500]2C01          		MOV		word[pos_y_bola],300
    34 0000003E FF36[0500]              		PUSH	word[pos_y_bola]
    35                                  
    36 00000042 C706[0700]3200          		MOV		word[Raio],50
    37 00000048 FF36[0700]              		PUSH	word[Raio]
    38 0000004C E8BA01                  		CALL	full_circle
    39                                  
    40                                  		;Desenhar Retas
    41 0000004F FF36[0300]              		PUSH	word[pos_x_bola]
    42 00000053 FF36[0500]              		PUSH	word[pos_y_bola]
    43 00000057 FF36[0300]              		PUSH	word[pos_x_bola]
    44                                  
    45 0000005B A1[0500]                		MOV		AX,word[pos_y_bola]
    46 0000005E 0538FF                  		add 	ax, -200
    47 00000061 50                      		PUSH	AX
    48                                  
    49 00000062 E86102                  		CALL	line
    50                                  
    51 00000065 E91601                          jmp     l4
    52                                  
    53                                  adiante:
    54 00000068 B408                        mov ah, 08h
    55 0000006A CD21                        int 21h
    56 0000006C 3C73                        cmp al, 's'
    57 0000006E 7503                        jne  comparar
    58 00000070 E92001                      jmp sai
    59                                  
    60                                  comparar:
    61 00000073 3C61                        cmp     al, 'a'
    62 00000075 7462                        JE     outro_lado
    63                                  
    64                                  brilha:
    65                                  ;Escrever uma mensagem
    66 00000077 B90C00                      	MOV     CX,12				;número de caracteres
    67 0000007A BB0000                      	MOV     BX,0
    68 0000007D B600                        	MOV     DH,0				;linha 0-29
    69 0000007F B21E                        	MOV     DL,30				;coluna 0-79
    70 00000081 FE06[0000]                      INC		byte [cor]			;mudar a cor para a seguINTe
    71 00000085 8026[0000]0F                    and     byte [cor], 0fh
    72                                  
    73                                  		; apaga bola antiga
    74 0000008A C606[0900]00                    MOV		byte[cor_bola],pRETo
    75                                  
    76 0000008F FF36[0300]              		push    word[pos_x_bola]
    77 00000093 FF36[0500]              		push    word[pos_y_bola]
    78                                  
    79 00000097 FF36[0700]              		push    word[Raio]
    80 0000009B E86B01                          call    full_circle
    81                                  
    82 0000009E FF36[0300]              		PUSH	word[pos_x_bola]
    83 000000A2 FF36[0500]              		PUSH	word[pos_y_bola]
    84 000000A6 FF36[0300]              		PUSH	word[pos_x_bola]
    85                                  
    86 000000AA A1[0500]                		MOV		AX,word[pos_y_bola]
    87 000000AD 0538FF                  		add 	ax, -200
    88 000000B0 50                      		PUSH	AX
    89 000000B1 E81202                  		CALL	line
    90                                  
    91 000000B4 FF36[0300]              		PUSH	word[pos_x_bola]
    92                                  
    93 000000B8 A1[0500]                		mov		ax, word[pos_y_bola]
    94 000000BB 0538FF                  		add		ax, -200
    95 000000BE 50                      		push 	ax
    96                                  
    97 000000BF A1[0300]                		mov		ax, word[pos_x_bola]
    98 000000C2 05CEFF                  		add		ax, -50
    99 000000C5 50                      		PUSH	ax
   100                                  
   101 000000C6 A1[0500]                		MOV		AX,word[pos_y_bola]
   102 000000C9 0506FF                  		add 	ax, -250
   103 000000CC 50                      		PUSH	AX
   104                                  
   105 000000CD E8F601                  		CALL	line
   106                                  
   107                                  ; cria nova bola com posição incrementada ou decrementada
   108                                  
   109 000000D0 8106[0300]0500                  add     word[pos_x_bola], 5
   110                                  ;        add     word[pos_y_bola], 5
   111                                  
   112 000000D6 E95F00                  		jmp 	desenha_corpo
   113                                  
   114                                  outro_lado:
   115                                      ;Escrever uma mensagem
   116 000000D9 B90C00                      	MOV     CX,12				;número de caracteres
   117 000000DC BB0000                      	MOV     BX,0
   118 000000DF B600                        	MOV     DH,0				;linha 0-29
   119 000000E1 B21E                        	MOV     DL,30				;coluna 0-79
   120 000000E3 FE06[0000]                      INC		byte [cor]			;mudar a cor para a seguINTe
   121 000000E7 8026[0000]0F                    and     byte [cor], 0fh
   122                                  
   123                                  		; apaga bola antiga
   124 000000EC C606[0900]00                    MOV		byte[cor_bola],pRETo
   125                                  
   126 000000F1 FF36[0300]              		push    word[pos_x_bola]
   127 000000F5 FF36[0500]              		push    word[pos_y_bola]
   128                                  
   129 000000F9 FF36[0700]              		push    word[Raio]
   130 000000FD E80901                          call    full_circle
   131                                  
   132 00000100 FF36[0300]              		PUSH	word[pos_x_bola]
   133 00000104 FF36[0500]              		PUSH	word[pos_y_bola]
   134 00000108 FF36[0300]              		PUSH	word[pos_x_bola]
   135                                  
   136 0000010C A1[0500]                		MOV		AX,word[pos_y_bola]
   137 0000010F 0538FF                  		add 	ax, -200
   138 00000112 50                      		PUSH	AX
   139 00000113 E8B001                  		CALL	line
   140                                  
   141 00000116 FF36[0300]              		PUSH	word[pos_x_bola]
   142                                  
   143 0000011A A1[0500]                		mov		ax, word[pos_y_bola]
   144 0000011D 0538FF                  		add		ax, -200
   145 00000120 50                      		push 	ax
   146                                  
   147 00000121 A1[0300]                		mov		ax, word[pos_x_bola]
   148 00000124 05CEFF                  		add		ax, -50
   149 00000127 50                      		PUSH	ax
   150                                  
   151 00000128 A1[0500]                		MOV		AX,word[pos_y_bola]
   152 0000012B 0506FF                  		add 	ax, -250
   153 0000012E 50                      		PUSH	AX
   154                                  
   155 0000012F E89401                  		CALL	line
   156                                  
   157                                  ; cria nova bola com posição incrementada ou decrementada
   158                                  
   159 00000132 8106[0300]FBFF                  add     word[pos_x_bola], -5
   160                                  ;        add     word[pos_y_bola], -5
   161                                  
   162                                  ; ******************************************
   163                                  
   164                                  desenha_corpo:
   165 00000138 C606[0900]04            		MOV		byte[cor_bola],vermelho	;circulos vermelhos
   166                                  
   167 0000013D FF36[0300]              		push    word[pos_x_bola]
   168 00000141 FF36[0500]              		push    word[pos_y_bola]
   169                                  
   170 00000145 FF36[0700]              		push    word[Raio]
   171 00000149 E8BD00                          call    full_circle
   172                                  
   173                                  	; desenho do corpo
   174                                  
   175 0000014C FF36[0300]              		PUSH	word[pos_x_bola]
   176 00000150 FF36[0500]              		PUSH	word[pos_y_bola]
   177 00000154 FF36[0300]              		PUSH	word[pos_x_bola]
   178                                  
   179 00000158 A1[0500]                		MOV		AX,word[pos_y_bola]
   180 0000015B 0538FF                  		add 	ax, -200
   181 0000015E 50                      		PUSH	AX
   182 0000015F E86401                  		CALL	line
   183                                  	
   184                                  	; desenho dos pés
   185 00000162 FF36[0300]              		PUSH	word[pos_x_bola]
   186                                  
   187 00000166 A1[0500]                		mov		ax, word[pos_y_bola]
   188 00000169 0538FF                  		add		ax, -200
   189 0000016C 50                      		push 	ax
   190                                  
   191 0000016D A1[0300]                		mov		ax, word[pos_x_bola]
   192 00000170 05CEFF                  		add		ax, -50
   193 00000173 50                      		PUSH	ax
   194                                  
   195 00000174 A1[0500]                		MOV		AX,word[pos_y_bola]
   196 00000177 0506FF                  		add 	ax, -250
   197 0000017A 50                      		PUSH	AX
   198                                  
   199 0000017B E84801                  		CALL	line
   200                                  
   201                                  l4:
   202 0000017E E82C00                  		CALL	cursor
   203 00000181 8A87[1300]                  	MOV     AL,[BX+mens]
   204 00000185 E83C00                  		CALL	caracter
   205 00000188 43                          	INC     BX					;proximo caracter
   206 00000189 FEC2                    		INC		DL					;avanca a coluna
   207 0000018B E2F1                        	LOOP    l4
   208                                  
   209 0000018D E80F00                          call delay
   210 00000190 E9D5FE                          jmp adiante
   211                                  
   212                                  ;********************************************
   213                                  sai:
   214 00000193 B400                            mov ah, 0
   215 00000195 A0[0A00]                        mov al, [modo_anterior]
   216 00000198 CD10                            int 10h
   217 0000019A B8004C                          mov ax, 4C00h
   218 0000019D CD21                            int 21h
   219                                  
   220                                  delay:
   221 0000019F 8B0E[0100]                      mov CX, word[vel]
   222                                  del2:
   223 000001A3 51                              push cx
   224 000001A4 B90008                          mov cx, 0800h
   225                                  
   226                                  del1:
   227 000001A7 E2FE                            loop del1
   228 000001A9 59                              pop cx
   229 000001AA E2F7                            loop del2
   230 000001AC C3                              ret
   231                                  
   232                                  ;-----------------------------------------------------------------------------
   233                                  ;função cursor
   234                                  ; Parametros:
   235                                  ; 	DH = linha (0-29) e  DL = coluna  (0-79)
   236                                  cursor:
   237 000001AD 9C                      		PUSHf
   238 000001AE 50                      		PUSH 	AX
   239 000001AF 53                      		PUSH 	BX
   240 000001B0 51                      		PUSH	CX
   241 000001B1 52                      		PUSH	DX
   242 000001B2 56                      		PUSH	SI
   243 000001B3 57                      		PUSH	DI
   244 000001B4 55                      		PUSH	BP
   245 000001B5 B402                    		MOV     AH,2
   246 000001B7 B700                    		MOV     BH,0
   247 000001B9 CD10                    		INT     10h
   248 000001BB 5D                      		POP		BP
   249 000001BC 5F                      		POP		DI
   250 000001BD 5E                      		POP		SI
   251 000001BE 5A                      		POP		DX
   252 000001BF 59                      		POP		CX
   253 000001C0 5B                      		POP		BX
   254 000001C1 58                      		POP		AX
   255 000001C2 9D                      		POPf
   256 000001C3 C3                      		RET
   257                                  
   258                                  ;-----------------------------------------------------------------------------
   259                                  ;função caracter escrito na posição do cursor
   260                                  ; Parametros:
   261                                  ; 	AL = caracter a ser escrito
   262                                  ; 	cor definida na variavel cor
   263                                  caracter:
   264 000001C4 9C                      		PUSHf
   265 000001C5 50                      		PUSH 	AX
   266 000001C6 53                      		PUSH 	BX
   267 000001C7 51                      		PUSH	CX
   268 000001C8 52                      		PUSH	DX
   269 000001C9 56                      		PUSH	SI
   270 000001CA 57                      		PUSH	DI
   271 000001CB 55                      		PUSH	BP
   272 000001CC B409                        	MOV     AH,9
   273 000001CE B700                        	MOV     BH,0
   274 000001D0 B90100                      	MOV     CX,1
   275 000001D3 8A1E[0000]                 		MOV     bl,[cor]
   276 000001D7 CD10                        	INT     10h
   277 000001D9 5D                      		POP		BP
   278 000001DA 5F                      		POP		DI
   279 000001DB 5E                      		POP		SI
   280 000001DC 5A                      		POP		DX
   281 000001DD 59                      		POP		CX
   282 000001DE 5B                      		POP		BX
   283 000001DF 58                      		POP		AX
   284 000001E0 9D                      		POPf
   285 000001E1 C3                      		RET
   286                                  
   287                                  ;-----------------------------------------------------------------------------
   288                                  ;função plot_xy
   289                                  ; Parametros:
   290                                  ;	PUSH x; PUSH y; CALL plot_xy;  (x<639, y<479)
   291                                  ; 	cor definida na variavel cor
   292                                  plot_xy:
   293 000001E2 55                      		PUSH	BP
   294 000001E3 89E5                    		MOV		BP,SP
   295 000001E5 9C                      		PUSHf
   296 000001E6 50                      		PUSH 	AX
   297 000001E7 53                      		PUSH 	BX
   298 000001E8 51                      		PUSH	CX
   299 000001E9 52                      		PUSH	DX
   300 000001EA 56                      		PUSH	SI
   301 000001EB 57                      		PUSH	DI
   302 000001EC B40C                    	    MOV     AH,0Ch
   303 000001EE A0[0900]                	    MOV     AL,[cor_bola]
   304 000001F1 B700                    	    MOV     BH,0
   305 000001F3 BADF01                  	    MOV     DX,479
   306 000001F6 2B5604                  		SUB		DX,[BP+4]
   307 000001F9 8B4E06                  	    MOV     CX,[BP+6]
   308 000001FC CD10                    	    INT     10h
   309 000001FE 5F                      		POP		DI
   310 000001FF 5E                      		POP		SI
   311 00000200 5A                      		POP		DX
   312 00000201 59                      		POP		CX
   313 00000202 5B                      		POP		BX
   314 00000203 58                      		POP		AX
   315 00000204 9D                      		POPf
   316                                  ;*******************************************************************
   317 00000205 5D                      		POP		BP
   318 00000206 C20400                  		RET		4
   319                                  
   320                                  ;-----------------------------------------------------------------------------
   321                                  ;função full_circle
   322                                  ; Parametros:
   323                                  ;	PUSH xc; PUSH yc; PUSH r; CALL full_circle;  (xc+r<639,yc+r<479)e(xc-r>0,yc-r>0)
   324                                  ; 	cor definida na variavel cor					  
   325                                  full_circle:
   326 00000209 55                      	PUSH 	BP
   327 0000020A 89E5                    	MOV	 	BP,SP
   328 0000020C 9C                      	PUSHf                        ;coloca os flags na pilha
   329 0000020D 50                      	PUSH 	AX
   330 0000020E 53                      	PUSH 	BX
   331 0000020F 51                      	PUSH	CX
   332 00000210 52                      	PUSH	DX
   333 00000211 56                      	PUSH	SI
   334 00000212 57                      	PUSH	DI
   335                                  
   336 00000213 8B4608                  	MOV		AX,[BP+8]    		;resgata xc
   337 00000216 8B5E06                  	MOV		BX,[BP+6]    		;resgata yc
   338 00000219 8B4E04                  	MOV		CX,[BP+4]    		;resgata r
   339                                  	
   340 0000021C 89DE                    	MOV		SI,BX
   341 0000021E 29CE                    	SUB		SI,CX
   342 00000220 50                      	PUSH    AX					;coloca xc na pilha			
   343 00000221 56                      	PUSH	SI					;coloca yc-r na pilha
   344 00000222 89DE                    	MOV		SI,BX
   345 00000224 01CE                    	ADD		SI,CX
   346 00000226 50                      	PUSH	AX					;coloca xc na pilha
   347 00000227 56                      	PUSH	SI					;coloca yc+r na pilha
   348 00000228 E89B00                  	CALL line
   349                                  		
   350 0000022B 89CF                    	MOV		DI,CX
   351 0000022D 81EF0100                	SUB		DI,1	 			;DI = r-1
   352 00000231 BA0000                  	MOV		DX,0  				;DX será a variável x. CX é a variavel y
   353                                  	
   354                                  ;aqui em cima a lógica foi invertida, 1-r => r-1 e as comparações passaram a ser
   355                                  ;JL => JG, assimm garante valores positivos para d
   356                                  
   357                                  stay_full:						;LOOP
   358 00000234 89FE                    	MOV		SI,DI
   359 00000236 81FE0000                	CMP		SI,0
   360 0000023A 7F0E                    	JG		inf_full       		;caso d for menor que 0, seleciona pixel superior (não  salta)
   361 0000023C 89D6                    	MOV		SI,DX				;o JL é importante porque trata-se de conta com sinal
   362 0000023E D1E6                    	SAL		SI,1				;multiplica por doi (shift arithmetic left)
   363 00000240 81C60300                	ADD		SI,3
   364 00000244 01F7                    	ADD		DI,SI     			;nesse ponto d = d+2*DX+3
   365 00000246 42                      	INC		DX					;Incrementa DX
   366 00000247 E90E00                  	JMP		plotar_full
   367                                  inf_full:	
   368 0000024A 89D6                    	MOV		SI,DX
   369 0000024C 29CE                    	SUB		SI,CX  				;faz x - y (DX-CX), e salva em DI 
   370 0000024E D1E6                    	SAL		SI,1
   371 00000250 81C60500                	ADD		SI,5
   372 00000254 01F7                    	ADD		DI,SI				;nesse ponto d=d+2*(DX-CX)+5
   373 00000256 42                      	INC		DX					;Incrementa x (DX)
   374 00000257 49                      	DEC		CX					;Decrementa y (CX)
   375                                  	
   376                                  plotar_full:	
   377 00000258 89C6                    	MOV		SI,AX
   378 0000025A 01CE                    	ADD		SI,CX
   379 0000025C 56                      	PUSH	SI					;coloca a abcisa y+xc na pilha			
   380 0000025D 89DE                    	MOV		SI,BX
   381 0000025F 29D6                    	SUB		SI,DX
   382 00000261 56                      	PUSH    SI					;coloca a ordenada yc-x na pilha
   383 00000262 89C6                    	MOV		SI,AX
   384 00000264 01CE                    	ADD		SI,CX
   385 00000266 56                      	PUSH	SI					;coloca a abcisa y+xc na pilha	
   386 00000267 89DE                    	MOV		SI,BX
   387 00000269 01D6                    	ADD		SI,DX
   388 0000026B 56                      	PUSH    SI					;coloca a ordenada yc+x na pilha	
   389 0000026C E85700                  	CALL 	line
   390                                  	
   391 0000026F 89C6                    	MOV		SI,AX
   392 00000271 01D6                    	ADD		SI,DX
   393 00000273 56                      	PUSH	SI					;coloca a abcisa xc+x na pilha			
   394 00000274 89DE                    	MOV		SI,BX
   395 00000276 29CE                    	SUB		SI,CX
   396 00000278 56                      	PUSH    SI					;coloca a ordenada yc-y na pilha
   397 00000279 89C6                    	MOV		SI,AX
   398 0000027B 01D6                    	ADD		SI,DX
   399 0000027D 56                      	PUSH	SI					;coloca a abcisa xc+x na pilha	
   400 0000027E 89DE                    	MOV		SI,BX
   401 00000280 01CE                    	ADD		SI,CX
   402 00000282 56                      	PUSH    SI					;coloca a ordenada yc+y na pilha	
   403 00000283 E84000                  	CALL	line
   404                                  	
   405 00000286 89C6                    	MOV		SI,AX
   406 00000288 29D6                    	SUB		SI,DX
   407 0000028A 56                      	PUSH	SI					;coloca a abcisa xc-x na pilha			
   408 0000028B 89DE                    	MOV		SI,BX
   409 0000028D 29CE                    	SUB		SI,CX
   410 0000028F 56                      	PUSH    SI					;coloca a ordenada yc-y na pilha
   411 00000290 89C6                    	MOV		SI,AX
   412 00000292 29D6                    	SUB		SI,DX
   413 00000294 56                      	PUSH	SI					;coloca a abcisa xc-x na pilha	
   414 00000295 89DE                    	MOV		SI,BX
   415 00000297 01CE                    	ADD		SI,CX
   416 00000299 56                      	PUSH    SI					;coloca a ordenada yc+y na pilha	
   417 0000029A E82900                  	CALL	line
   418                                  	
   419 0000029D 89C6                    	MOV		SI,AX
   420 0000029F 29CE                    	SUB		SI,CX
   421 000002A1 56                      	PUSH	SI					;coloca a abcisa xc-y na pilha			
   422 000002A2 89DE                    	MOV		SI,BX
   423 000002A4 29D6                    	SUB		SI,DX
   424 000002A6 56                      	PUSH    SI					;coloca a ordenada yc-x na pilha
   425 000002A7 89C6                    	MOV		SI,AX
   426 000002A9 29CE                    	SUB		SI,CX
   427 000002AB 56                      	PUSH	SI					;coloca a abcisa xc-y na pilha	
   428 000002AC 89DE                    	MOV		SI,BX
   429 000002AE 01D6                    	ADD		SI,DX
   430 000002B0 56                      	PUSH    SI					;coloca a ordenada yc+x na pilha	
   431 000002B1 E81200                  	CALL	line
   432                                  	
   433 000002B4 39D1                    	CMP		CX,DX
   434 000002B6 7203                    	JB		fim_full_circle  	;se CX (y) está abaixo de DX (x), termina     
   435 000002B8 E979FF                  	JMP		stay_full			;se CX (y) está acima de DX (x), continua no LOOP
   436                                  	
   437                                  fim_full_circle:
   438 000002BB 5F                      	POP		DI
   439 000002BC 5E                      	POP		SI
   440 000002BD 5A                      	POP		DX
   441 000002BE 59                      	POP		CX
   442 000002BF 5B                      	POP		BX
   443 000002C0 58                      	POP		AX
   444 000002C1 9D                      	POPf
   445 000002C2 5D                      	POP		BP
   446 000002C3 C20600                  	RET		6
   447                                  
   448                                  ;-----------------------------------------------------------------------------
   449                                  ;função line
   450                                  ; Parametros:
   451                                  ;	PUSH x1; PUSH y1; PUSH x2; PUSH y2; CALL line;  (x<639, y<479)
   452                                  line:
   453 000002C6 55                      		PUSH	BP
   454 000002C7 89E5                    		MOV		BP,SP
   455 000002C9 9C                      		PUSHf             		;coloca os flags na pilha
   456 000002CA 50                      		PUSH 	AX
   457 000002CB 53                      		PUSH 	BX
   458 000002CC 51                      		PUSH	CX
   459 000002CD 52                      		PUSH	DX
   460 000002CE 56                      		PUSH	SI
   461 000002CF 57                      		PUSH	DI
   462 000002D0 8B460A                  		MOV		AX,[BP+10]   	;resgata os vALores das coordenadas
   463 000002D3 8B5E08                  		MOV		BX,[BP+8]    	;resgata os vALores das coordenadas
   464 000002D6 8B4E06                  		MOV		CX,[BP+6]    	;resgata os vALores das coordenadas
   465 000002D9 8B5604                  		MOV		DX,[BP+4]    	;resgata os vALores das coordenadas
   466 000002DC 39C8                    		CMP		AX,CX
   467 000002DE 7408                    		JE		line2
   468 000002E0 721C                    		JB		line1
   469 000002E2 91                      		XCHG	AX,CX
   470 000002E3 87DA                    		XCHG	BX,DX
   471 000002E5 E91600                  		JMP		line1
   472                                  line2:							;deltax = 0
   473 000002E8 39D3                    		CMP		BX,DX  			;Subtrai DX de BX
   474 000002EA 7202                    		JB		line3
   475 000002EC 87DA                    		XCHG	BX,DX        	;troca os valores de BX e DX entre eles
   476                                  line3:							;DX > BX
   477 000002EE 50                      		PUSH	AX
   478 000002EF 53                      		PUSH	BX
   479 000002F0 E8EFFE                  		CALL 	plot_xy
   480 000002F3 39D3                    		CMP		BX,DX
   481 000002F5 7503                    		JNE		line31
   482 000002F7 E9C600                  		JMP		fim_line
   483 000002FA 43                      line31:	INC		BX
   484 000002FB E9F0FF                  		JMP		line3
   485                                  ;deltAX <>0
   486                                  line1:
   487                                  ;Comparar módulos de deltax e deltay sabendo que CX>AX
   488                                  	; CX > AX
   489 000002FE 51                      		PUSH	CX
   490 000002FF 29C1                    		SUB		CX,AX
   491 00000301 890E[0F00]              		MOV		[deltAX],CX
   492 00000305 59                      		POP		CX
   493 00000306 52                      		PUSH	DX
   494 00000307 29DA                    		SUB		DX,BX
   495 00000309 7702                    		JA		line32
   496 0000030B F7DA                    		NEG		DX
   497                                  line32:		
   498 0000030D 8916[1100]              		MOV		[deltay],DX
   499 00000311 5A                      		POP		DX
   500                                  
   501 00000312 50                      		PUSH	AX
   502 00000313 A1[0F00]                		MOV		AX,[deltAX]
   503 00000316 3B06[1100]              		CMP		AX,[deltay]
   504 0000031A 58                      		POP		AX
   505 0000031B 724D                    		JB		line5
   506                                  ; CX > AX e deltAX>deltay
   507 0000031D 51                      		PUSH	CX
   508 0000031E 29C1                    		SUB		CX,AX
   509 00000320 890E[0F00]              		MOV		[deltAX],CX
   510 00000324 59                      		POP		CX
   511 00000325 52                      		PUSH	DX
   512 00000326 29DA                    		SUB		DX,BX
   513 00000328 8916[1100]              		MOV		[deltay],DX
   514 0000032C 5A                      		POP		DX
   515                                  
   516 0000032D 89C6                    		MOV		SI,AX
   517                                  line4:
   518 0000032F 50                      		PUSH	AX
   519 00000330 52                      		PUSH	DX
   520 00000331 56                      		PUSH	SI
   521 00000332 29C6                    		SUB		SI,AX	;(x-x1)
   522 00000334 A1[1100]                		MOV		AX,[deltay]
   523 00000337 F7EE                    		IMUL	SI
   524 00000339 8B36[0F00]              		MOV		SI,[deltAX]		;arredondar
   525 0000033D D1EE                    		SHR		SI,1
   526                                  ;Se numerador (DX)>0 soma se <0 Subtrai
   527 0000033F 81FA0000                		CMP		DX,0
   528 00000343 7C09                    		JL		ar1
   529 00000345 01F0                    		ADD		AX,SI
   530 00000347 81D20000                		ADC		DX,0
   531 0000034B E90600                  		JMP		arc1
   532 0000034E 29F0                    ar1:	SUB		AX,SI
   533 00000350 81DA0000                		SBB		DX,0
   534                                  arc1:
   535 00000354 F73E[0F00]              		IDIV	word [deltAX]
   536 00000358 01D8                    		ADD		AX,BX
   537 0000035A 5E                      		POP		SI
   538 0000035B 56                      		PUSH	SI
   539 0000035C 50                      		PUSH	AX
   540 0000035D E882FE                  		CALL	plot_xy
   541 00000360 5A                      		POP		DX
   542 00000361 58                      		POP		AX
   543 00000362 39CE                    		CMP		SI,CX
   544 00000364 745A                    		JE		fim_line
   545 00000366 46                      		INC		SI
   546 00000367 E9C5FF                  		JMP		line4
   547                                  
   548 0000036A 39D3                    line5:	CMP		BX,DX
   549 0000036C 7203                    		JB 		line7
   550 0000036E 91                      		XCHG	AX,CX
   551 0000036F 87DA                    		XCHG	BX,DX
   552                                  line7:
   553 00000371 51                      		PUSH	CX
   554 00000372 29C1                    		SUB		CX,AX
   555 00000374 890E[0F00]              		MOV		[deltAX],CX
   556 00000378 59                      		POP		CX
   557 00000379 52                      		PUSH	DX
   558 0000037A 29DA                    		SUB		DX,BX
   559 0000037C 8916[1100]              		MOV		[deltay],DX
   560 00000380 5A                      		POP		DX
   561                                  
   562 00000381 89DE                    		MOV		SI,BX
   563                                  line6:
   564 00000383 52                      		PUSH	DX
   565 00000384 56                      		PUSH	SI
   566 00000385 50                      		PUSH	AX
   567 00000386 29DE                    		SUB		SI,BX	;(y-y1)
   568 00000388 A1[0F00]                		MOV		AX,[deltAX]
   569 0000038B F7EE                    		IMUL	SI
   570 0000038D 8B36[1100]              		MOV		SI,[deltay]		;arredondar
   571 00000391 D1EE                    		SHR		SI,1
   572                                  ;Se numerador (DX)>0 soma se <0 subtrai
   573 00000393 81FA0000                		CMP		DX,0
   574 00000397 7C09                    		JL		ar2
   575 00000399 01F0                    		ADD		AX,SI
   576 0000039B 81D20000                		ADC		DX,0
   577 0000039F E90600                  		JMP		arc2
   578 000003A2 29F0                    ar2:	SUB		AX,SI
   579 000003A4 81DA0000                		SBB		DX,0
   580                                  arc2:
   581 000003A8 F73E[1100]              		IDIV	word [deltay]
   582 000003AC 89C7                    		MOV		DI,AX
   583 000003AE 58                      		POP		AX
   584 000003AF 01C7                    		ADD		DI,AX
   585 000003B1 5E                      		POP		SI
   586 000003B2 57                      		PUSH	DI
   587 000003B3 56                      		PUSH	SI
   588 000003B4 E82BFE                  		CALL	plot_xy
   589 000003B7 5A                      		POP		DX
   590 000003B8 39D6                    		CMP		SI,DX
   591 000003BA 7404                    		JE		fim_line
   592 000003BC 46                      		INC		SI
   593 000003BD E9C3FF                  		JMP		line6
   594                                  
   595                                  fim_line:
   596 000003C0 5F                      		POP		DI
   597 000003C1 5E                      		POP		SI
   598 000003C2 5A                      		POP		DX
   599 000003C3 59                      		POP		CX
   600 000003C4 5B                      		POP		BX
   601 000003C5 58                      		POP		AX
   602 000003C6 9D                      		POPf
   603 000003C7 5D                      		POP		BP
   604 000003C8 C20800                  		RET		8
   605                                  ;*************************************************************************
   606                                  segment data
   607                                  
   608 00000000 0F                      cor		db		branco_intenso
   609                                  							; I R G B COR
   610                                  pRETo			equ		0	; 0 0 0 0 pRETo
   611                                  azul			equ		1	; 0 0 0 1 azul
   612                                  verde			equ		2	; 0 0 1 0 verde
   613                                  cyan			equ		3	; 0 0 1 1 cyan
   614                                  vermelho		equ		4	; 0 1 0 0 vermelho
   615                                  magenta			equ		5	; 0 1 0 1 magenta
   616                                  marrom			equ		6	; 0 1 1 0 marrom
   617                                  branco			equ		7	; 0 1 1 1 branco
   618                                  cinza			equ		8	; 1 0 0 0 cinza
   619                                  azul_claro		equ		9	; 1 0 0 1 azul claro
   620                                  verde_claro		equ		10	; 1 0 1 0 verde claro
   621                                  cyan_claro		equ		11	; 1 0 1 1 cyan claro
   622                                  rosa			equ		12	; 1 1 0 0 rosa
   623                                  magenta_claro	equ		13	; 1 1 0 1 magenta claro
   624                                  amarelo			equ		14	; 1 1 1 0 amarelo
   625                                  branco_intenso	equ		15	; 1 1 1 1 branco INTenso
   626                                  
   627 00000001 0500                    vel             dw      5
   628                                  
   629 00000003 C800                    pos_x_bola      dw      200
   630 00000005 6400                    pos_y_bola      dw      100
   631 00000007 3200                    Raio            dw      50
   632                                  
   633 00000009 0F                      cor_bola        db      branco_intenso
   634                                  
   635 0000000A 00                      modo_anterior	db		0
   636 0000000B 0000                    linha   		dw  	0
   637 0000000D 0000                    coluna  		dw  	0
   638 0000000F 0000                    deltAX			dw		0
   639 00000011 0000                    deltay			dw		0	
   640 00000013 535452454554204649-     mens    		db  	'STREET FIGHT'
   641 0000001C 474854             
   642                                  ;*************************************************************************
   643                                  
   644                                  segment stack stack
   645 00000000 <res 00000200>          	resb	512
   646                                  stacktop:
